(node:2757468) [DEP0040] DeprecationWarning: The `punycode` module is deprecated. Please use a userland alternative instead.
(Use `node --trace-deprecation ...` to show where the warning was created)
The field "cli.appVersionSource" is not set, but it will be required in the future. Learn more: https://docs.expo.dev/build-reference/app-versions/
Resolved "preview" environment for the build. Learn more: https://docs.expo.dev/eas/environment-variables/#setting-the-environment-for-your-builds
No environment variables with visibility "Plain text" and "Sensitive" found for the "preview" environment on EAS.



The field "cli.appVersionSource" is not set, but it will be required in the future. Learn more: https://docs.expo.dev/build-reference/app-versions/
✔ Using remote Android credentials (Expo server)
✔ Using Keystore from configuration: Build Credentials 1AAPu7K0wR (default)

Compressing project files and uploading to EAS Build. Learn more: https://expo.fyi/eas-build-archive
- Compressing project files
- Uploading to EAS Build (0 / 326 KB)
✔ Uploaded to EAS

See logs: https://expo.dev/accounts/joshwebs/projects/edumentor-app/builds/37b3eae5-3211-4757-b5f0-cc1095a23fd5

Waiting for build to complete. You can press Ctrl+C to exit.
- Waiting for build to complete.
✔ Build finished

  ▄▄▄▄▄▄▄▄▄▄▄▄▄▄▄▄▄▄▄▄▄▄▄▄▄▄▄▄▄▄▄▄▄▄▄▄▄▄▄
  █ ▄▄▄▄▄ █▄▄▄ ▀▄▄█▀ ▀▀ ▄▀█▀▄ █▀█ ▄▄▄▄▄ █
  █ █   █ ██▄▀ █ ▀▄█▀██▀ ▄ ▀ █▄▀█ █   █ █
  █ █▄▄▄█ ██▀▄ ▄███▀ ▄▄▀▀█▀█▀██▄█ █▄▄▄█ █
  █▄▄▄▄▄▄▄█ ▀▄█ ▀ ▀▄█▄█▄█ █▄▀▄▀ █▄▄▄▄▄▄▄█
  █  ▀▄ ▀▄██▄▀█▄▀▀ ▄▄▀  ██▀▄▀▀ ██▄▀▀██▀▄█
  █▀▀█▄█▄▄▄ █▄█▄█▀▄▄ ▄▀██▀ █▄▀▄▀▄▄▄▄▄ ▄▄█
  █▄▀▀▀▀ ▄▀▀ ▀█ ▀▀▀▄█▀▄▀▀▄▀▄▀█▀ █▄▄▀ ▀ ▄█
  ██▀▀ ▀▀▄▄█▄█████ ███ ▄▄███▄▀ ▀▀▄▀▄█▀▄ █
  █▄█▀██ ▄▄▀▀▀▄▀▄█  ▀▄ ▄█ ▄█▄▀ ▄▀▄██ ▄▄▄█
  █▄▀█▄ █▄███ ▄▄▀▄▄▀▄█▄▀▄ ▄▄▀  ▀▀█▄▀▀██ █
  █▄▄█ █▀▄█▀ ▄▀▄██ ▀   ▄██▀▄▀ ▀▄ ▄▀  ▀ ▄█
  █▄ ▄███▄▄██ ▄▄█  ▄ ██ ▄▀ █▄▀ ▀█  ▄▀▀▀ █
  █  █ ██▄▀███ ▄▀▄ ██▄▄▄█▀ ▄█▀▀ █▄▄▀█▀▀▄█
  █ ▄▀ ▄▄▄█▄█▄▀▀▄▀▄▄▄▄▄█▄ ▀██▀ █▄█ ▀  ▄ █
  █▄████▄▄█ ██▄▀    ▀▄  ▀▀█ ▄██ ▄▄▄ █  ██
  █ ▄▄▄▄▄ ████   ▄▄▀█  ▀█▀ ▀ ██ █▄█  ▄▀ █
  █ █   █ █  ▄▀▀██▀ ▄▄▀██▀▀██  ▄  ▄▄ █▄▄█
  █ █▄▄▄█ █▀▄  ▀█▀▄  ▄█▀█▀ ▄▄  ██▀▄ █ ▀ █
  █▄▄▄▄▄▄▄█▄██▄▄██▄██▄▄███▄████▄▄▄██▄██▄█


🤖 Open this link on your Android devices (or scan the QR code) to install the app:
https://expo.dev/accounts/joshwebs/projects/edumentor-app/builds/37b3eae5-3211-4757-b5f0-cc1095a23fd5
